APPLI01_server001_app;server001_app;user_APPLI01;APPLI01;LINUX
APPLI01_server002_app;server002_app;user_APPLI01;APPLI01;LINUX
APPLI01_server003_bdd;server003_bdd;user_APPLI01;APPLI01;LINUX
APPLI01_server004_bdd;server004_bdd;user_APPLI01;APPLI01;LINUX
APPLI02_server005_app;server005_app;user_APPLI02;APPLI02;LINUX
APPLI02_server006_app;server006_app;user_APPLI02;APPLI02;LINUX
APPLI02_server007_bdd;server007_bdd;user_APPLI02;APPLI02;LINUX
APPLI02_server008_app;server008_app;user_APPLI02;APPLI02;LINUX
APPLI02_server009_app;server009_app;user_APPLI02;APPLI02;LINUX
APPLI03_server010_bdd;server010_bdd;user_APPLI03;APPLI03;LINUX
APPLI04_server011_bdd;server011_bdd;user_APPLI04;APPLI04;LINUX
APPLI04_server012_app;server012_app;user_APPLI04;APPLI04;LINUX
APPLI04_server013_app;server013_app;user_APPLI04;APPLI04;LINUX
APPLI04_server014_app;server014_app;user_APPLI04;APPLI04;LINUX
APPLI04_server015_app;server015_app;user_APPLI04;APPLI04;LINUX
APPLI04_server016_bdd;server016_bdd;user_APPLI04;APPLI04;LINUX
APPLI04_server017_bdd;server017_bdd;user_APPLI04;APPLI04;LINUX
APPLI05_server018_bdd;server018_bdd;user_APPLI05;APPLI05;LINUX
APPLI06_server019_bdd;server019_bdd;user_APPLI06;APPLI06;LINUX
APPLI07_server020_bdd;server020_bdd;user_APPLI07;APPLI07;LINUX
APPLI08_server021_bdd;server021_bdd;user_APPLI08;APPLI08;LINUX
APPLI08_server022_app;server022_app;user_APPLI08;APPLI08;LINUX
APPLI08_server023_app;server023_app;user_APPLI08;APPLI08;LINUX
APPLI08_server024_bdd;server024_bdd;user_APPLI08;APPLI08;LINUX
APPLI08_server025_bdd;server025_bdd;user_APPLI08;APPLI08;LINUX
APPLI08_server026_app;server026_app;user_APPLI08;APPLI08;LINUX
APPLI08_server027_app;server027_app;user_APPLI08;APPLI08;UNIX
APPLI09_server028_bdd;server028_bdd;user_APPLI09;APPLI09;UNIX
APPLI09_server029_bdd;server029_bdd;user_APPLI09;APPLI09;UNIX
APPLI09_server030_app;server030_app;user_APPLI09;APPLI09;UNIX
APPLI10_server031_app;server031_app;user_APPLI10;APPLI10;UNIX
APPLI10_server032_app;server032_app;user_APPLI10;APPLI10;UNIX
APPLI10_server033_app;server033_app;user_APPLI10;APPLI10;UNIX
APPLI10_server034_app;server034_app;user_APPLI10;APPLI10;UNIX
APPLI10_server035_app;server035_app;user_APPLI10;APPLI10;WINDOWS
APPLI11_server036_app;server036_app;user_APPLI11;APPLI11;WINDOWS
APPLI11_server037_bdd;server037_bdd;user_APPLI11;APPLI11;WINDOWS
APPLI12_server038_bdd;server038_bdd;user_APPLI12;APPLI12;WINDOWS
APPLI13_server039_bdd;server039_bdd;user_APPLI13;APPLI13;WINDOWS
APPLI14_server040_bdd;server040_bdd;user_APPLI14;APPLI14;WINDOWS
APPLI15_server041_bdd;server041_bdd;user_APPLI15;APPLI15;WINDOWS
APPLI15_server042_bdd;server042_bdd;user_APPLI15;APPLI15;WINDOWS
APPLI15_server043_app;server043_app;user_APPLI15;APPLI15;WINDOWS
APPLI15_server044_app;server044_app;user_APPLI15;APPLI15;WINDOWS
APPLI15_server045_bdd;server045_bdd;user_APPLI15;APPLI15;WINDOWS
